#-----------------------------------------------------------
# Vivado v2019.1 (64-bit)
# SW Build 2552052 on Fri May 24 14:49:42 MDT 2019
# IP Build 2548770 on Fri May 24 18:01:18 MDT 2019
# Start of session at: Sun May 12 11:00:05 2024
# Process ID: 22500
# Current directory: Z:/STERN/96CH_RECORDER/96chFlySongVersion2/FPGA/designFiles/FPGAwSRAM 20221212/FPGAwSRAM
# Command line: vivado.exe -gui_launcher_event rodinguilauncherevent17720 Z:\STERN\96CH_RECORDER\96chFlySongVersion2\FPGA\designFiles\FPGAwSRAM 20221212\FPGAwSRAM\FPGAwSRAM.xpr
# Log file: Z:/STERN/96CH_RECORDER/96chFlySongVersion2/FPGA/designFiles/FPGAwSRAM 20221212/FPGAwSRAM/vivado.log
# Journal file: Z:/STERN/96CH_RECORDER/96chFlySongVersion2/FPGA/designFiles/FPGAwSRAM 20221212/FPGAwSRAM\vivado.jou
#-----------------------------------------------------------
start_gui
open_project {Z:/STERN/96CH_RECORDER/96chFlySongVersion2/FPGA/designFiles/FPGAwSRAM 20221212/FPGAwSRAM/FPGAwSRAM.xpr}
update_compile_order -fileset sources_1
reset_run synth_1
launch_runs impl_1 -to_step write_bitstream -jobs 10
wait_on_run impl_1
